Archive member included to satisfy reference by file (symbol)

c:/program files (x86)/atmel/studio/7.0/toolchain/avr8/avr8-gnu-toolchain/bin/../lib/gcc/avr/5.4.0/avr51\libgcc.a(_udivmodsi4.o)
                              MCAL/src/UART128.o (__udivmodsi4)
c:/program files (x86)/atmel/studio/7.0/toolchain/avr8/avr8-gnu-toolchain/bin/../lib/gcc/avr/5.4.0/avr51\libgcc.a(_divmodsi4.o)
                              RTOS/src/integer.o (__divmodsi4)
c:/program files (x86)/atmel/studio/7.0/toolchain/avr8/avr8-gnu-toolchain/bin/../lib/gcc/avr/5.4.0/avr51\libgcc.a(_negsi2.o)
                              c:/program files (x86)/atmel/studio/7.0/toolchain/avr8/avr8-gnu-toolchain/bin/../lib/gcc/avr/5.4.0/avr51\libgcc.a(_divmodsi4.o) (__negsi2)
c:/program files (x86)/atmel/studio/7.0/toolchain/avr8/avr8-gnu-toolchain/bin/../lib/gcc/avr/5.4.0/avr51\libgcc.a(_exit.o)
                              C:/Program Files (x86)/Atmel/Studio/7.0/Packs/atmel/ATmega_DFP/1.1.130/gcc/dev/atmega128/avr51/crtatmega128.o (exit)
c:/program files (x86)/atmel/studio/7.0/toolchain/avr8/avr8-gnu-toolchain/bin/../lib/gcc/avr/5.4.0/avr51\libgcc.a(_tablejump2.o)
                              Smart Home/src/SmartHome.o (__tablejump2__)
c:/program files (x86)/atmel/studio/7.0/toolchain/avr8/avr8-gnu-toolchain/bin/../lib/gcc/avr/5.4.0/avr51\libgcc.a(_copy_data.o)
                              HAL/src/DHT.o (__do_copy_data)
c:/program files (x86)/atmel/studio/7.0/toolchain/avr8/avr8-gnu-toolchain/bin/../lib/gcc/avr/5.4.0/avr51\libgcc.a(_clear_bss.o)
                              MCAL/src/ADC.o (__do_clear_bss)
c:/program files (x86)/atmel/studio/7.0/toolchain/avr8/avr8-gnu-toolchain/bin/../lib/gcc/avr/5.4.0/avr51\libgcc.a(_umulhisi3.o)
                              HAL/src/DHT.o (__umulhisi3)
c:/program files (x86)/atmel/studio/7.0/toolchain/avr8/avr8-gnu-toolchain/bin/../lib/gcc/avr/5.4.0/../../../../avr/lib/avr51\libc.a(memcpy.o)
                              RTOS/src/queue.o (memcpy)
c:/program files (x86)/atmel/studio/7.0/toolchain/avr8/avr8-gnu-toolchain/bin/../lib/gcc/avr/5.4.0/../../../../avr/lib/avr51\libc.a(strcat.o)
                              HAL/src/DHT.o (strcat)
c:/program files (x86)/atmel/studio/7.0/toolchain/avr8/avr8-gnu-toolchain/bin/../lib/gcc/avr/5.4.0/../../../../avr/lib/avr51\libc.a(strcmp.o)
                              Smart Home/src/SmartHome.o (strcmp)
c:/program files (x86)/atmel/studio/7.0/toolchain/avr8/avr8-gnu-toolchain/bin/../lib/gcc/avr/5.4.0/../../../../avr/lib/avr51\libc.a(sprintf.o)
                              HAL/src/DHT.o (sprintf)
c:/program files (x86)/atmel/studio/7.0/toolchain/avr8/avr8-gnu-toolchain/bin/../lib/gcc/avr/5.4.0/../../../../avr/lib/avr51\libc.a(vfprintf_std.o)
                              c:/program files (x86)/atmel/studio/7.0/toolchain/avr8/avr8-gnu-toolchain/bin/../lib/gcc/avr/5.4.0/../../../../avr/lib/avr51\libc.a(sprintf.o) (vfprintf)
c:/program files (x86)/atmel/studio/7.0/toolchain/avr8/avr8-gnu-toolchain/bin/../lib/gcc/avr/5.4.0/../../../../avr/lib/avr51\libc.a(strnlen_P.o)
                              c:/program files (x86)/atmel/studio/7.0/toolchain/avr8/avr8-gnu-toolchain/bin/../lib/gcc/avr/5.4.0/../../../../avr/lib/avr51\libc.a(vfprintf_std.o) (strnlen_P)
c:/program files (x86)/atmel/studio/7.0/toolchain/avr8/avr8-gnu-toolchain/bin/../lib/gcc/avr/5.4.0/../../../../avr/lib/avr51\libc.a(strnlen.o)
                              c:/program files (x86)/atmel/studio/7.0/toolchain/avr8/avr8-gnu-toolchain/bin/../lib/gcc/avr/5.4.0/../../../../avr/lib/avr51\libc.a(vfprintf_std.o) (strnlen)
c:/program files (x86)/atmel/studio/7.0/toolchain/avr8/avr8-gnu-toolchain/bin/../lib/gcc/avr/5.4.0/../../../../avr/lib/avr51\libc.a(fputc.o)
                              c:/program files (x86)/atmel/studio/7.0/toolchain/avr8/avr8-gnu-toolchain/bin/../lib/gcc/avr/5.4.0/../../../../avr/lib/avr51\libc.a(vfprintf_std.o) (fputc)
c:/program files (x86)/atmel/studio/7.0/toolchain/avr8/avr8-gnu-toolchain/bin/../lib/gcc/avr/5.4.0/../../../../avr/lib/avr51\libc.a(ultoa_invert.o)
                              c:/program files (x86)/atmel/studio/7.0/toolchain/avr8/avr8-gnu-toolchain/bin/../lib/gcc/avr/5.4.0/../../../../avr/lib/avr51\libc.a(vfprintf_std.o) (__ultoa_invert)

Allocating common symbols
Common symbol       size              file

voltageRef          0x1               MCAL/src/ADC.o
ADC_SELECT          0x1               MCAL/src/ADC.o
prescaler           0x1               MCAL/src/ADC.o

Discarded input sections

 .data          0x00000000        0x0 C:/Program Files (x86)/Atmel/Studio/7.0/Packs/atmel/ATmega_DFP/1.1.130/gcc/dev/atmega128/avr51/crtatmega128.o
 .bss           0x00000000        0x0 C:/Program Files (x86)/Atmel/Studio/7.0/Packs/atmel/ATmega_DFP/1.1.130/gcc/dev/atmega128/avr51/crtatmega128.o
 .text          0x00000000        0x0 APP/main.o
 .data          0x00000000        0x0 APP/main.o
 .bss           0x00000000        0x0 APP/main.o
 .text          0x00000000        0x0 HAL/src/DHT.o
 .data          0x00000000        0x0 HAL/src/DHT.o
 .bss           0x00000000        0x0 HAL/src/DHT.o
 .text          0x00000000        0x0 HAL/src/KEYPAD.o
 .data          0x00000000        0x0 HAL/src/KEYPAD.o
 .bss           0x00000000        0x0 HAL/src/KEYPAD.o
 .text          0x00000000        0x0 HAL/src/LCD.o
 .data          0x00000000        0x0 HAL/src/LCD.o
 .bss           0x00000000        0x0 HAL/src/LCD.o
 .text.disp_char
                0x00000000        0x6 HAL/src/LCD.o
 .text.disp_intXY
                0x00000000       0x22 HAL/src/LCD.o
 .text          0x00000000        0x0 MCAL/src/ADC.o
 .data          0x00000000        0x0 MCAL/src/ADC.o
 .bss           0x00000000        0x0 MCAL/src/ADC.o
 COMMON         0x00000000        0x3 MCAL/src/ADC.o
 .text          0x00000000        0x0 MCAL/src/DIO.o
 .data          0x00000000        0x0 MCAL/src/DIO.o
 .bss           0x00000000        0x0 MCAL/src/DIO.o
 .text.writeAllPin
                0x00000000       0x16 MCAL/src/DIO.o
 .text.allPinsDirection
                0x00000000       0x16 MCAL/src/DIO.o
 .text          0x00000000        0x0 MCAL/src/UART128.o
 .data          0x00000000        0x0 MCAL/src/UART128.o
 .bss           0x00000000        0x0 MCAL/src/UART128.o
 .text.Uart_ReceiveByte
                0x00000000       0x26 MCAL/src/UART128.o
 .text.Uart_ReceiveByte_Unblock
                0x00000000       0x38 MCAL/src/UART128.o
 .text          0x00000000        0x0 RTOS/src/croutine.o
 .data          0x00000000        0x0 RTOS/src/croutine.o
 .bss           0x00000000        0x0 RTOS/src/croutine.o
 .text.xCoRoutineCreate
                0x00000000       0xf0 RTOS/src/croutine.o
 .text.vCoRoutineAddToDelayedList
                0x00000000       0x86 RTOS/src/croutine.o
 .text.vCoRoutineSchedule
                0x00000000      0x274 RTOS/src/croutine.o
 .text.xCoRoutineRemoveFromEventList
                0x00000000       0x4a RTOS/src/croutine.o
 .bss.xPassedTicks
                0x00000000        0x2 RTOS/src/croutine.o
 .bss.xLastTickCount
                0x00000000        0x2 RTOS/src/croutine.o
 .bss.xCoRoutineTickCount
                0x00000000        0x2 RTOS/src/croutine.o
 .bss.uxTopCoRoutineReadyPriority
                0x00000000        0x1 RTOS/src/croutine.o
 .bss.pxCurrentCoRoutine
                0x00000000        0x2 RTOS/src/croutine.o
 .bss.xPendingReadyCoRoutineList
                0x00000000        0x9 RTOS/src/croutine.o
 .bss.pxOverflowDelayedCoRoutineList
                0x00000000        0x2 RTOS/src/croutine.o
 .bss.pxDelayedCoRoutineList
                0x00000000        0x2 RTOS/src/croutine.o
 .bss.xDelayedCoRoutineList2
                0x00000000        0x9 RTOS/src/croutine.o
 .bss.xDelayedCoRoutineList1
                0x00000000        0x9 RTOS/src/croutine.o
 .bss.pxReadyCoRoutineLists
                0x00000000       0x12 RTOS/src/croutine.o
 .debug_info    0x00000000      0x77d RTOS/src/croutine.o
 .debug_abbrev  0x00000000      0x219 RTOS/src/croutine.o
 .debug_loc     0x00000000      0x3eb RTOS/src/croutine.o
 .debug_aranges
                0x00000000       0x38 RTOS/src/croutine.o
 .debug_ranges  0x00000000       0x28 RTOS/src/croutine.o
 .debug_line    0x00000000      0x31e RTOS/src/croutine.o
 .debug_str     0x00000000      0x556 RTOS/src/croutine.o
 .comment       0x00000000       0x31 RTOS/src/croutine.o
 .debug_frame   0x00000000       0xc0 RTOS/src/croutine.o
 .text          0x00000000        0x0 RTOS/src/event_groups.o
 .data          0x00000000        0x0 RTOS/src/event_groups.o
 .bss           0x00000000        0x0 RTOS/src/event_groups.o
 .text.xEventGroupCreate
                0x00000000       0x26 RTOS/src/event_groups.o
 .text.xEventGroupWaitBits
                0x00000000      0x110 RTOS/src/event_groups.o
 .text.xEventGroupClearBits
                0x00000000       0x1e RTOS/src/event_groups.o
 .text.xEventGroupGetBitsFromISR
                0x00000000        0x8 RTOS/src/event_groups.o
 .text.xEventGroupSetBits
                0x00000000       0xdc RTOS/src/event_groups.o
 .text.xEventGroupSync
                0x00000000       0xd2 RTOS/src/event_groups.o
 .text.vEventGroupDelete
                0x00000000       0x32 RTOS/src/event_groups.o
 .text.vEventGroupSetBitsCallback
                0x00000000        0x8 RTOS/src/event_groups.o
 .text.vEventGroupClearBitsCallback
                0x00000000        0x8 RTOS/src/event_groups.o
 .debug_info    0x00000000      0x8ef RTOS/src/event_groups.o
 .debug_abbrev  0x00000000      0x205 RTOS/src/event_groups.o
 .debug_loc     0x00000000      0xb40 RTOS/src/event_groups.o
 .debug_aranges
                0x00000000       0x60 RTOS/src/event_groups.o
 .debug_ranges  0x00000000       0x68 RTOS/src/event_groups.o
 .debug_line    0x00000000      0x3a9 RTOS/src/event_groups.o
 .debug_str     0x00000000      0x5a6 RTOS/src/event_groups.o
 .comment       0x00000000       0x31 RTOS/src/event_groups.o
 .debug_frame   0x00000000      0x158 RTOS/src/event_groups.o
 .text          0x00000000        0x0 RTOS/src/heap_1.o
 .data          0x00000000        0x0 RTOS/src/heap_1.o
 .bss           0x00000000        0x0 RTOS/src/heap_1.o
 .text.vPortInitialiseBlocks
                0x00000000        0xa RTOS/src/heap_1.o
 .text.xPortGetFreeHeapSize
                0x00000000       0x12 RTOS/src/heap_1.o
 .text          0x00000000        0x0 RTOS/src/integer.o
 .data          0x00000000        0x0 RTOS/src/integer.o
 .bss           0x00000000        0x0 RTOS/src/integer.o
 .text.vCompeteingIntMathTask
                0x00000000       0xd4 RTOS/src/integer.o
 .rodata.str1.1
                0x00000000        0x8 RTOS/src/integer.o
 .text.vStartIntegerMathTasks
                0x00000000       0x40 RTOS/src/integer.o
 .text.xAreIntegerMathsTaskStillRunning
                0x00000000       0x12 RTOS/src/integer.o
 .bss.xTaskCheck
                0x00000000        0x1 RTOS/src/integer.o
 .debug_info    0x00000000      0x210 RTOS/src/integer.o
 .debug_abbrev  0x00000000      0x109 RTOS/src/integer.o
 .debug_loc     0x00000000      0x1cd RTOS/src/integer.o
 .debug_aranges
                0x00000000       0x30 RTOS/src/integer.o
 .debug_ranges  0x00000000       0x20 RTOS/src/integer.o
 .debug_line    0x00000000      0x103 RTOS/src/integer.o
 .debug_str     0x00000000      0x26c RTOS/src/integer.o
 .comment       0x00000000       0x31 RTOS/src/integer.o
 .debug_frame   0x00000000       0x78 RTOS/src/integer.o
 .text          0x00000000        0x0 RTOS/src/list.o
 .data          0x00000000        0x0 RTOS/src/list.o
 .bss           0x00000000        0x0 RTOS/src/list.o
 .text          0x00000000        0x0 RTOS/src/PollQ.o
 .data          0x00000000        0x0 RTOS/src/PollQ.o
 .bss           0x00000000        0x0 RTOS/src/PollQ.o
 .text.vPolledQueueProducer
                0x00000000       0x66 RTOS/src/PollQ.o
 .text.vPolledQueueConsumer
                0x00000000       0x7e RTOS/src/PollQ.o
 .rodata.str1.1
                0x00000000       0x10 RTOS/src/PollQ.o
 .text.vStartPolledQueueTasks
                0x00000000       0x6c RTOS/src/PollQ.o
 .text.xArePollingQueuesStillRunning
                0x00000000       0x22 RTOS/src/PollQ.o
 .bss.xPolledQueue.2093
                0x00000000        0x2 RTOS/src/PollQ.o
 .bss.xPollingProducerCount
                0x00000000        0x1 RTOS/src/PollQ.o
 .bss.xPollingConsumerCount
                0x00000000        0x1 RTOS/src/PollQ.o
 .debug_info    0x00000000      0x3bd RTOS/src/PollQ.o
 .debug_abbrev  0x00000000      0x106 RTOS/src/PollQ.o
 .debug_loc     0x00000000      0x262 RTOS/src/PollQ.o
 .debug_aranges
                0x00000000       0x38 RTOS/src/PollQ.o
 .debug_ranges  0x00000000       0x28 RTOS/src/PollQ.o
 .debug_line    0x00000000      0x1ff RTOS/src/PollQ.o
 .debug_str     0x00000000      0x32b RTOS/src/PollQ.o
 .comment       0x00000000       0x31 RTOS/src/PollQ.o
 .debug_frame   0x00000000       0x9c RTOS/src/PollQ.o
 .text          0x00000000        0x0 RTOS/src/port.o
 .data          0x00000000        0x0 RTOS/src/port.o
 .bss           0x00000000        0x0 RTOS/src/port.o
 .text.vPortEndScheduler
                0x00000000        0x2 RTOS/src/port.o
 .text          0x00000000        0x0 RTOS/src/queue.o
 .data          0x00000000        0x0 RTOS/src/queue.o
 .bss           0x00000000        0x0 RTOS/src/queue.o
 .text.xQueueCreateCountingSemaphore
                0x00000000       0x18 RTOS/src/queue.o
 .text.xQueueCreateMutex
                0x00000000       0x58 RTOS/src/queue.o
 .text.xQueueGenericSendFromISR
                0x00000000       0x80 RTOS/src/queue.o
 .text.xQueueReceiveFromISR
                0x00000000       0x66 RTOS/src/queue.o
 .text.xQueuePeekFromISR
                0x00000000       0x2e RTOS/src/queue.o
 .text.uxQueueMessagesWaiting
                0x00000000       0x10 RTOS/src/queue.o
 .text.uxQueueSpacesAvailable
                0x00000000       0x14 RTOS/src/queue.o
 .text.uxQueueMessagesWaitingFromISR
                0x00000000        0x6 RTOS/src/queue.o
 .text.vQueueDelete
                0x00000000       0x1e RTOS/src/queue.o
 .text.xQueueIsQueueEmptyFromISR
                0x00000000        0xc RTOS/src/queue.o
 .text.xQueueIsQueueFullFromISR
                0x00000000        0xe RTOS/src/queue.o
 .text.xQueueCRSend
                0x00000000       0x72 RTOS/src/queue.o
 .text.xQueueCRReceive
                0x00000000       0x92 RTOS/src/queue.o
 .text.xQueueCRSendFromISR
                0x00000000       0x48 RTOS/src/queue.o
 .text.xQueueCRReceiveFromISR
                0x00000000       0x82 RTOS/src/queue.o
 .text          0x00000000        0x0 RTOS/src/tasks.o
 .data          0x00000000        0x0 RTOS/src/tasks.o
 .bss           0x00000000        0x0 RTOS/src/tasks.o
 .text.vTaskDelete
                0x00000000       0x8e RTOS/src/tasks.o
 .text.uxTaskPriorityGet
                0x00000000       0x1c RTOS/src/tasks.o
 .text.vTaskEndScheduler
                0x00000000        0xc RTOS/src/tasks.o
 .text.xTaskGetTickCount
                0x00000000       0x14 RTOS/src/tasks.o
 .text.xTaskGetTickCountFromISR
                0x00000000        0xa RTOS/src/tasks.o
 .text.uxTaskGetNumberOfTasks
                0x00000000        0x6 RTOS/src/tasks.o
 .text.vTaskDelayUntil
                0x00000000       0x84 RTOS/src/tasks.o
 .text.vTaskPlaceOnUnorderedEventList
                0x00000000       0x48 RTOS/src/tasks.o
 .text.xTaskRemoveFromUnorderedEventList
                0x00000000       0x74 RTOS/src/tasks.o
 .text.xTaskGetCurrentTaskHandle
                0x00000000        0xa RTOS/src/tasks.o
 .text.uxTaskResetEventItemValue
                0x00000000       0x2e RTOS/src/tasks.o
 .text          0x00000000        0x0 Services/MQTT/MQTT.o
 .data          0x00000000        0x0 Services/MQTT/MQTT.o
 .bss           0x00000000        0x0 Services/MQTT/MQTT.o
 .text.MQTT_Subscribe
                0x00000000       0x6a Services/MQTT/MQTT.o
 .data.PID      0x00000000        0x2 Services/MQTT/MQTT.o
 .text          0x00000000        0x0 Smart Home/src/SmartHome.o
 .data          0x00000000        0x0 Smart Home/src/SmartHome.o
 .bss           0x00000000        0x0 Smart Home/src/SmartHome.o
 .text.T_DoorAction
                0x00000000        0x2 Smart Home/src/SmartHome.o
 .text.turnOnFireAlarm
                0x00000000        0x2 Smart Home/src/SmartHome.o
 .text.Check_Password
                0x00000000       0xda Smart Home/src/SmartHome.o
 .text.Get_Password
                0x00000000       0x6c Smart Home/src/SmartHome.o
 .text.temp     0x00000000       0xd2 Smart Home/src/SmartHome.o
 .text.FireAlarm
                0x00000000       0x74 Smart Home/src/SmartHome.o
 .text.IOTcharinput
                0x00000000       0x64 Smart Home/src/SmartHome.o
 .progmem.gcc_sw_table.IOTcharinput
                0x00000000       0x10 Smart Home/src/SmartHome.o
 .bss.flag      0x00000000        0x1 Smart Home/src/SmartHome.o
 .bss.trials    0x00000000        0x1 Smart Home/src/SmartHome.o
 .bss.bsPassEvent
                0x00000000        0x2 Smart Home/src/SmartHome.o
 .text          0x00000000        0x0 c:/program files (x86)/atmel/studio/7.0/toolchain/avr8/avr8-gnu-toolchain/bin/../lib/gcc/avr/5.4.0/avr51\libgcc.a(_udivmodsi4.o)
 .data          0x00000000        0x0 c:/program files (x86)/atmel/studio/7.0/toolchain/avr8/avr8-gnu-toolchain/bin/../lib/gcc/avr/5.4.0/avr51\libgcc.a(_udivmodsi4.o)
 .bss           0x00000000        0x0 c:/program files (x86)/atmel/studio/7.0/toolchain/avr8/avr8-gnu-toolchain/bin/../lib/gcc/avr/5.4.0/avr51\libgcc.a(_udivmodsi4.o)
 .text.libgcc.mul
                0x00000000        0x0 c:/program files (x86)/atmel/studio/7.0/toolchain/avr8/avr8-gnu-toolchain/bin/../lib/gcc/avr/5.4.0/avr51\libgcc.a(_udivmodsi4.o)
 .text.libgcc   0x00000000        0x0 c:/program files (x86)/atmel/studio/7.0/toolchain/avr8/avr8-gnu-toolchain/bin/../lib/gcc/avr/5.4.0/avr51\libgcc.a(_udivmodsi4.o)
 .text.libgcc.prologue
                0x00000000        0x0 c:/program files (x86)/atmel/studio/7.0/toolchain/avr8/avr8-gnu-toolchain/bin/../lib/gcc/avr/5.4.0/avr51\libgcc.a(_udivmodsi4.o)
 .text.libgcc.builtins
                0x00000000        0x0 c:/program files (x86)/atmel/studio/7.0/toolchain/avr8/avr8-gnu-toolchain/bin/../lib/gcc/avr/5.4.0/avr51\libgcc.a(_udivmodsi4.o)
 .text.libgcc.fmul
                0x00000000        0x0 c:/program files (x86)/atmel/studio/7.0/toolchain/avr8/avr8-gnu-toolchain/bin/../lib/gcc/avr/5.4.0/avr51\libgcc.a(_udivmodsi4.o)
 .text.libgcc.fixed
                0x00000000        0x0 c:/program files (x86)/atmel/studio/7.0/toolchain/avr8/avr8-gnu-toolchain/bin/../lib/gcc/avr/5.4.0/avr51\libgcc.a(_udivmodsi4.o)
 .text          0x00000000        0x0 c:/program files (x86)/atmel/studio/7.0/toolchain/avr8/avr8-gnu-toolchain/bin/../lib/gcc/avr/5.4.0/avr51\libgcc.a(_divmodsi4.o)
 .data          0x00000000        0x0 c:/program files (x86)/atmel/studio/7.0/toolchain/avr8/avr8-gnu-toolchain/bin/../lib/gcc/avr/5.4.0/avr51\libgcc.a(_divmodsi4.o)
 .bss           0x00000000        0x0 c:/program files (x86)/atmel/studio/7.0/toolchain/avr8/avr8-gnu-toolchain/bin/../lib/gcc/avr/5.4.0/avr51\libgcc.a(_divmodsi4.o)
 .text.libgcc.mul
                0x00000000        0x0 c:/program files (x86)/atmel/studio/7.0/toolchain/avr8/avr8-gnu-toolchain/bin/../lib/gcc/avr/5.4.0/avr51\libgcc.a(_divmodsi4.o)
 .text.libgcc.div
                0x00000000       0x2e c:/program files (x86)/atmel/studio/7.0/toolchain/avr8/avr8-gnu-toolchain/bin/../lib/gcc/avr/5.4.0/avr51\libgcc.a(_divmodsi4.o)
 .text.libgcc   0x00000000        0x0 c:/program files (x86)/atmel/studio/7.0/toolchain/avr8/avr8-gnu-toolchain/bin/../lib/gcc/avr/5.4.0/avr51\libgcc.a(_divmodsi4.o)
 .text.libgcc.prologue
                0x00000000        0x0 c:/program files (x86)/atmel/studio/7.0/toolchain/avr8/avr8-gnu-toolchain/bin/../lib/gcc/avr/5.4.0/avr51\libgcc.a(_divmodsi4.o)
 .text.libgcc.builtins
                0x00000000        0x0 c:/program files (x86)/atmel/studio/7.0/toolchain/avr8/avr8-gnu-toolchain/bin/../lib/gcc/avr/5.4.0/avr51\libgcc.a(_divmodsi4.o)
 .text.libgcc.fmul
                0x00000000        0x0 c:/program files (x86)/atmel/studio/7.0/toolchain/avr8/avr8-gnu-toolchain/bin/../lib/gcc/avr/5.4.0/avr51\libgcc.a(_divmodsi4.o)
 .text.libgcc.fixed
                0x00000000        0x0 c:/program files (x86)/atmel/studio/7.0/toolchain/avr8/avr8-gnu-toolchain/bin/../lib/gcc/avr/5.4.0/avr51\libgcc.a(_divmodsi4.o)
 .text          0x00000000        0x0 c:/program files (x86)/atmel/studio/7.0/toolchain/avr8/avr8-gnu-toolchain/bin/../lib/gcc/avr/5.4.0/avr51\libgcc.a(_negsi2.o)
 .data          0x00000000        0x0 c:/program files (x86)/atmel/studio/7.0/toolchain/avr8/avr8-gnu-toolchain/bin/../lib/gcc/avr/5.4.0/avr51\libgcc.a(_negsi2.o)
 .bss           0x00000000        0x0 c:/program files (x86)/atmel/studio/7.0/toolchain/avr8/avr8-gnu-toolchain/bin/../lib/gcc/avr/5.4.0/avr51\libgcc.a(_negsi2.o)
 .text.libgcc.mul
                0x00000000        0x0 c:/program files (x86)/atmel/studio/7.0/toolchain/avr8/avr8-gnu-toolchain/bin/../lib/gcc/avr/5.4.0/avr51\libgcc.a(_negsi2.o)
 .text.libgcc.div
                0x00000000       0x10 c:/program files (x86)/atmel/studio/7.0/toolchain/avr8/avr8-gnu-toolchain/bin/../lib/gcc/avr/5.4.0/avr51\libgcc.a(_negsi2.o)
 .text.libgcc   0x00000000        0x0 c:/program files (x86)/atmel/studio/7.0/toolchain/avr8/avr8-gnu-toolchain/bin/../lib/gcc/avr/5.4.0/avr51\libgcc.a(_negsi2.o)
 .text.libgcc.prologue
                0x00000000        0x0 c:/program files (x86)/atmel/studio/7.0/toolchain/avr8/avr8-gnu-toolchain/bin/../lib/gcc/avr/5.4.0/avr51\libgcc.a(_negsi2.o)
 .text.libgcc.builtins
                0x00000000        0x0 c:/program files (x86)/atmel/studio/7.0/toolchain/avr8/avr8-gnu-toolchain/bin/../lib/gcc/avr/5.4.0/avr51\libgcc.a(_negsi2.o)
 .text.libgcc.fmul
                0x00000000        0x0 c:/program files (x86)/atmel/studio/7.0/toolchain/avr8/avr8-gnu-toolchain/bin/../lib/gcc/avr/5.4.0/avr51\libgcc.a(_negsi2.o)
 .text.libgcc.fixed
                0x00000000        0x0 c:/program files (x86)/atmel/studio/7.0/toolchain/avr8/avr8-gnu-toolchain/bin/../lib/gcc/avr/5.4.0/avr51\libgcc.a(_negsi2.o)
 .text          0x00000000        0x0 c:/program files (x86)/atmel/studio/7.0/toolchain/avr8/avr8-gnu-toolchain/bin/../lib/gcc/avr/5.4.0/avr51\libgcc.a(_exit.o)
 .data          0x00000000        0x0 c:/program files (x86)/atmel/studio/7.0/toolchain/avr8/avr8-gnu-toolchain/bin/../lib/gcc/avr/5.4.0/avr51\libgcc.a(_exit.o)
 .bss           0x00000000        0x0 c:/program files (x86)/atmel/studio/7.0/toolchain/avr8/avr8-gnu-toolchain/bin/../lib/gcc/avr/5.4.0/avr51\libgcc.a(_exit.o)
 .text.libgcc.mul
                0x00000000        0x0 c:/program files (x86)/atmel/studio/7.0/toolchain/avr8/avr8-gnu-toolchain/bin/../lib/gcc/avr/5.4.0/avr51\libgcc.a(_exit.o)
 .text.libgcc.div
                0x00000000        0x0 c:/program files (x86)/atmel/studio/7.0/toolchain/avr8/avr8-gnu-toolchain/bin/../lib/gcc/avr/5.4.0/avr51\libgcc.a(_exit.o)
 .text.libgcc   0x00000000        0x0 c:/program files (x86)/atmel/studio/7.0/toolchain/avr8/avr8-gnu-toolchain/bin/../lib/gcc/avr/5.4.0/avr51\libgcc.a(_exit.o)
 .text.libgcc.prologue
                0x00000000        0x0 c:/program files (x86)/atmel/studio/7.0/toolchain/avr8/avr8-gnu-toolchain/bin/../lib/gcc/avr/5.4.0/avr51\libgcc.a(_exit.o)
 .text.libgcc.builtins
                0x00000000        0x0 c:/program files (x86)/atmel/studio/7.0/toolchain/avr8/avr8-gnu-toolchain/bin/../lib/gcc/avr/5.4.0/avr51\libgcc.a(_exit.o)
 .text.libgcc.fmul
                0x00000000        0x0 c:/program files (x86)/atmel/studio/7.0/toolchain/avr8/avr8-gnu-toolchain/bin/../lib/gcc/avr/5.4.0/avr51\libgcc.a(_exit.o)
 .text.libgcc.fixed
                0x00000000        0x0 c:/program files (x86)/atmel/studio/7.0/toolchain/avr8/avr8-gnu-toolchain/bin/../lib/gcc/avr/5.4.0/avr51\libgcc.a(_exit.o)
 .text          0x00000000        0x0 c:/program files (x86)/atmel/studio/7.0/toolchain/avr8/avr8-gnu-toolchain/bin/../lib/gcc/avr/5.4.0/avr51\libgcc.a(_tablejump2.o)
 .data          0x00000000        0x0 c:/program files (x86)/atmel/studio/7.0/toolchain/avr8/avr8-gnu-toolchain/bin/../lib/gcc/avr/5.4.0/avr51\libgcc.a(_tablejump2.o)
 .bss           0x00000000        0x0 c:/program files (x86)/atmel/studio/7.0/toolchain/avr8/avr8-gnu-toolchain/bin/../lib/gcc/avr/5.4.0/avr51\libgcc.a(_tablejump2.o)
 .text.libgcc.mul
                0x00000000        0x0 c:/program files (x86)/atmel/studio/7.0/toolchain/avr8/avr8-gnu-toolchain/bin/../lib/gcc/avr/5.4.0/avr51\libgcc.a(_tablejump2.o)
 .text.libgcc.div
                0x00000000        0x0 c:/program files (x86)/atmel/studio/7.0/toolchain/avr8/avr8-gnu-toolchain/bin/../lib/gcc/avr/5.4.0/avr51\libgcc.a(_tablejump2.o)
 .text.libgcc   0x00000000       0x12 c:/program files (x86)/atmel/studio/7.0/toolchain/avr8/avr8-gnu-toolchain/bin/../lib/gcc/avr/5.4.0/avr51\libgcc.a(_tablejump2.o)
 .text.libgcc.prologue
                0x00000000        0x0 c:/program files (x86)/atmel/studio/7.0/toolchain/avr8/avr8-gnu-toolchain/bin/../lib/gcc/avr/5.4.0/avr51\libgcc.a(_tablejump2.o)
 .text.libgcc.builtins
                0x00000000        0x0 c:/program files (x86)/atmel/studio/7.0/toolchain/avr8/avr8-gnu-toolchain/bin/../lib/gcc/avr/5.4.0/avr51\libgcc.a(_tablejump2.o)
 .text.libgcc.fmul
                0x00000000        0x0 c:/program files (x86)/atmel/studio/7.0/toolchain/avr8/avr8-gnu-toolchain/bin/../lib/gcc/avr/5.4.0/avr51\libgcc.a(_tablejump2.o)
 .text.libgcc.fixed
                0x00000000        0x0 c:/program files (x86)/atmel/studio/7.0/toolchain/avr8/avr8-gnu-toolchain/bin/../lib/gcc/avr/5.4.0/avr51\libgcc.a(_tablejump2.o)
 .text          0x00000000        0x0 c:/program files (x86)/atmel/studio/7.0/toolchain/avr8/avr8-gnu-toolchain/bin/../lib/gcc/avr/5.4.0/avr51\libgcc.a(_copy_data.o)
 .data          0x00000000        0x0 c:/program files (x86)/atmel/studio/7.0/toolchain/avr8/avr8-gnu-toolchain/bin/../lib/gcc/avr/5.4.0/avr51\libgcc.a(_copy_data.o)
 .bss           0x00000000        0x0 c:/program files (x86)/atmel/studio/7.0/toolchain/avr8/avr8-gnu-toolchain/bin/../lib/gcc/avr/5.4.0/avr51\libgcc.a(_copy_data.o)
 .text.libgcc.mul
                0x00000000        0x0 c:/program files (x86)/atmel/studio/7.0/toolchain/avr8/avr8-gnu-toolchain/bin/../lib/gcc/avr/5.4.0/avr51\libgcc.a(_copy_data.o)
 .text.libgcc.div
                0x00000000        0x0 c:/program files (x86)/atmel/studio/7.0/toolchain/avr8/avr8-gnu-toolchain/bin/../lib/gcc/avr/5.4.0/avr51\libgcc.a(_copy_data.o)
 .text.libgcc   0x00000000        0x0 c:/program files (x86)/atmel/studio/7.0/toolchain/avr8/avr8-gnu-toolchain/bin/../lib/gcc/avr/5.4.0/avr51\libgcc.a(_copy_data.o)
 .text.libgcc.prologue
                0x00000000        0x0 c:/program files (x86)/atmel/studio/7.0/toolchain/avr8/avr8-gnu-toolchain/bin/../lib/gcc/avr/5.4.0/avr51\libgcc.a(_copy_data.o)
 .text.libgcc.builtins
                0x00000000        0x0 c:/program files (x86)/atmel/studio/7.0/toolchain/avr8/avr8-gnu-toolchain/bin/../lib/gcc/avr/5.4.0/avr51\libgcc.a(_copy_data.o)
 .text.libgcc.fmul
                0x00000000        0x0 c:/program files (x86)/atmel/studio/7.0/toolchain/avr8/avr8-gnu-toolchain/bin/../lib/gcc/avr/5.4.0/avr51\libgcc.a(_copy_data.o)
 .text.libgcc.fixed
                0x00000000        0x0 c:/program files (x86)/atmel/studio/7.0/toolchain/avr8/avr8-gnu-toolchain/bin/../lib/gcc/avr/5.4.0/avr51\libgcc.a(_copy_data.o)
 .text          0x00000000        0x0 c:/program files (x86)/atmel/studio/7.0/toolchain/avr8/avr8-gnu-toolchain/bin/../lib/gcc/avr/5.4.0/avr51\libgcc.a(_clear_bss.o)
 .data          0x00000000        0x0 c:/program files (x86)/atmel/studio/7.0/toolchain/avr8/avr8-gnu-toolchain/bin/../lib/gcc/avr/5.4.0/avr51\libgcc.a(_clear_bss.o)
 .bss           0x00000000        0x0 c:/program files (x86)/atmel/studio/7.0/toolchain/avr8/avr8-gnu-toolchain/bin/../lib/gcc/avr/5.4.0/avr51\libgcc.a(_clear_bss.o)
 .text.libgcc.mul
                0x00000000        0x0 c:/program files (x86)/atmel/studio/7.0/toolchain/avr8/avr8-gnu-toolchain/bin/../lib/gcc/avr/5.4.0/avr51\libgcc.a(_clear_bss.o)
 .text.libgcc.div
                0x00000000        0x0 c:/program files (x86)/atmel/studio/7.0/toolchain/avr8/avr8-gnu-toolchain/bin/../lib/gcc/avr/5.4.0/avr51\libgcc.a(_clear_bss.o)
 .text.libgcc   0x00000000        0x0 c:/program files (x86)/atmel/studio/7.0/toolchain/avr8/avr8-gnu-toolchain/bin/../lib/gcc/avr/5.4.0/avr51\libgcc.a(_clear_bss.o)
 .text.libgcc.prologue
                0x00000000        0x0 c:/program files (x86)/atmel/studio/7.0/toolchain/avr8/avr8-gnu-toolchain/bin/../lib/gcc/avr/5.4.0/avr51\libgcc.a(_clear_bss.o)
 .text.libgcc.builtins
                0x00000000        0x0 c:/program files (x86)/atmel/studio/7.0/toolchain/avr8/avr8-gnu-toolchain/bin/../lib/gcc/avr/5.4.0/avr51\libgcc.a(_clear_bss.o)
 .text.libgcc.fmul
                0x00000000        0x0 c:/program files (x86)/atmel/studio/7.0/toolchain/avr8/avr8-gnu-toolchain/bin/../lib/gcc/avr/5.4.0/avr51\libgcc.a(_clear_bss.o)
 .text.libgcc.fixed
                0x00000000        0x0 c:/program files (x86)/atmel/studio/7.0/toolchain/avr8/avr8-gnu-toolchain/bin/../lib/gcc/avr/5.4.0/avr51\libgcc.a(_clear_bss.o)
 .text          0x00000000        0x0 c:/program files (x86)/atmel/studio/7.0/toolchain/avr8/avr8-gnu-toolchain/bin/../lib/gcc/avr/5.4.0/avr51\libgcc.a(_umulhisi3.o)
 .data          0x00000000        0x0 c:/program files (x86)/atmel/studio/7.0/toolchain/avr8/avr8-gnu-toolchain/bin/../lib/gcc/avr/5.4.0/avr51\libgcc.a(_umulhisi3.o)
 .bss           0x00000000        0x0 c:/program files (x86)/atmel/studio/7.0/toolchain/avr8/avr8-gnu-toolchain/bin/../lib/gcc/avr/5.4.0/avr51\libgcc.a(_umulhisi3.o)
 .text.libgcc.div
                0x00000000        0x0 c:/program files (x86)/atmel/studio/7.0/toolchain/avr8/avr8-gnu-toolchain/bin/../lib/gcc/avr/5.4.0/avr51\libgcc.a(_umulhisi3.o)
 .text.libgcc   0x00000000        0x0 c:/program files (x86)/atmel/studio/7.0/toolchain/avr8/avr8-gnu-toolchain/bin/../lib/gcc/avr/5.4.0/avr51\libgcc.a(_umulhisi3.o)
 .text.libgcc.prologue
                0x00000000        0x0 c:/program files (x86)/atmel/studio/7.0/toolchain/avr8/avr8-gnu-toolchain/bin/../lib/gcc/avr/5.4.0/avr51\libgcc.a(_umulhisi3.o)
 .text.libgcc.builtins
                0x00000000        0x0 c:/program files (x86)/atmel/studio/7.0/toolchain/avr8/avr8-gnu-toolchain/bin/../lib/gcc/avr/5.4.0/avr51\libgcc.a(_umulhisi3.o)
 .text.libgcc.fmul
                0x00000000        0x0 c:/program files (x86)/atmel/studio/7.0/toolchain/avr8/avr8-gnu-toolchain/bin/../lib/gcc/avr/5.4.0/avr51\libgcc.a(_umulhisi3.o)
 .text.libgcc.fixed
                0x00000000        0x0 c:/program files (x86)/atmel/studio/7.0/toolchain/avr8/avr8-gnu-toolchain/bin/../lib/gcc/avr/5.4.0/avr51\libgcc.a(_umulhisi3.o)
 .text          0x00000000        0x0 c:/program files (x86)/atmel/studio/7.0/toolchain/avr8/avr8-gnu-toolchain/bin/../lib/gcc/avr/5.4.0/../../../../avr/lib/avr51\libc.a(memcpy.o)
 .data          0x00000000        0x0 c:/program files (x86)/atmel/studio/7.0/toolchain/avr8/avr8-gnu-toolchain/bin/../lib/gcc/avr/5.4.0/../../../../avr/lib/avr51\libc.a(memcpy.o)
 .bss           0x00000000        0x0 c:/program files (x86)/atmel/studio/7.0/toolchain/avr8/avr8-gnu-toolchain/bin/../lib/gcc/avr/5.4.0/../../../../avr/lib/avr51\libc.a(memcpy.o)
 .text          0x00000000        0x0 c:/program files (x86)/atmel/studio/7.0/toolchain/avr8/avr8-gnu-toolchain/bin/../lib/gcc/avr/5.4.0/../../../../avr/lib/avr51\libc.a(strcat.o)
 .data          0x00000000        0x0 c:/program files (x86)/atmel/studio/7.0/toolchain/avr8/avr8-gnu-toolchain/bin/../lib/gcc/avr/5.4.0/../../../../avr/lib/avr51\libc.a(strcat.o)
 .bss           0x00000000        0x0 c:/program files (x86)/atmel/studio/7.0/toolchain/avr8/avr8-gnu-toolchain/bin/../lib/gcc/avr/5.4.0/../../../../avr/lib/avr51\libc.a(strcat.o)
 .text          0x00000000        0x0 c:/program files (x86)/atmel/studio/7.0/toolchain/avr8/avr8-gnu-toolchain/bin/../lib/gcc/avr/5.4.0/../../../../avr/lib/avr51\libc.a(strcmp.o)
 .data          0x00000000        0x0 c:/program files (x86)/atmel/studio/7.0/toolchain/avr8/avr8-gnu-toolchain/bin/../lib/gcc/avr/5.4.0/../../../../avr/lib/avr51\libc.a(strcmp.o)
 .bss           0x00000000        0x0 c:/program files (x86)/atmel/studio/7.0/toolchain/avr8/avr8-gnu-toolchain/bin/../lib/gcc/avr/5.4.0/../../../../avr/lib/avr51\libc.a(strcmp.o)
 .text          0x00000000        0x0 c:/program files (x86)/atmel/studio/7.0/toolchain/avr8/avr8-gnu-toolchain/bin/../lib/gcc/avr/5.4.0/../../../../avr/lib/avr51\libc.a(sprintf.o)
 .data          0x00000000        0x0 c:/program files (x86)/atmel/studio/7.0/toolchain/avr8/avr8-gnu-toolchain/bin/../lib/gcc/avr/5.4.0/../../../../avr/lib/avr51\libc.a(sprintf.o)
 .bss           0x00000000        0x0 c:/program files (x86)/atmel/studio/7.0/toolchain/avr8/avr8-gnu-toolchain/bin/../lib/gcc/avr/5.4.0/../../../../avr/lib/avr51\libc.a(sprintf.o)
 .text          0x00000000        0x0 c:/program files (x86)/atmel/studio/7.0/toolchain/avr8/avr8-gnu-toolchain/bin/../lib/gcc/avr/5.4.0/../../../../avr/lib/avr51\libc.a(vfprintf_std.o)
 .data          0x00000000        0x0 c:/program files (x86)/atmel/studio/7.0/toolchain/avr8/avr8-gnu-toolchain/bin/../lib/gcc/avr/5.4.0/../../../../avr/lib/avr51\libc.a(vfprintf_std.o)
 .bss           0x00000000        0x0 c:/program files (x86)/atmel/studio/7.0/toolchain/avr8/avr8-gnu-toolchain/bin/../lib/gcc/avr/5.4.0/../../../../avr/lib/avr51\libc.a(vfprintf_std.o)
 .text          0x00000000        0x0 c:/program files (x86)/atmel/studio/7.0/toolchain/avr8/avr8-gnu-toolchain/bin/../lib/gcc/avr/5.4.0/../../../../avr/lib/avr51\libc.a(strnlen_P.o)
 .data          0x00000000        0x0 c:/program files (x86)/atmel/studio/7.0/toolchain/avr8/avr8-gnu-toolchain/bin/../lib/gcc/avr/5.4.0/../../../../avr/lib/avr51\libc.a(strnlen_P.o)
 .bss           0x00000000        0x0 c:/program files (x86)/atmel/studio/7.0/toolchain/avr8/avr8-gnu-toolchain/bin/../lib/gcc/avr/5.4.0/../../../../avr/lib/avr51\libc.a(strnlen_P.o)
 .text          0x00000000        0x0 c:/program files (x86)/atmel/studio/7.0/toolchain/avr8/avr8-gnu-toolchain/bin/../lib/gcc/avr/5.4.0/../../../../avr/lib/avr51\libc.a(strnlen.o)
 .data          0x00000000        0x0 c:/program files (x86)/atmel/studio/7.0/toolchain/avr8/avr8-gnu-toolchain/bin/../lib/gcc/avr/5.4.0/../../../../avr/lib/avr51\libc.a(strnlen.o)
 .bss           0x00000000        0x0 c:/program files (x86)/atmel/studio/7.0/toolchain/avr8/avr8-gnu-toolchain/bin/../lib/gcc/avr/5.4.0/../../../../avr/lib/avr51\libc.a(strnlen.o)
 .text          0x00000000        0x0 c:/program files (x86)/atmel/studio/7.0/toolchain/avr8/avr8-gnu-toolchain/bin/../lib/gcc/avr/5.4.0/../../../../avr/lib/avr51\libc.a(fputc.o)
 .data          0x00000000        0x0 c:/program files (x86)/atmel/studio/7.0/toolchain/avr8/avr8-gnu-toolchain/bin/../lib/gcc/avr/5.4.0/../../../../avr/lib/avr51\libc.a(fputc.o)
 .bss           0x00000000        0x0 c:/program files (x86)/atmel/studio/7.0/toolchain/avr8/avr8-gnu-toolchain/bin/../lib/gcc/avr/5.4.0/../../../../avr/lib/avr51\libc.a(fputc.o)
 .text          0x00000000        0x0 c:/program files (x86)/atmel/studio/7.0/toolchain/avr8/avr8-gnu-toolchain/bin/../lib/gcc/avr/5.4.0/../../../../avr/lib/avr51\libc.a(ultoa_invert.o)
 .data          0x00000000        0x0 c:/program files (x86)/atmel/studio/7.0/toolchain/avr8/avr8-gnu-toolchain/bin/../lib/gcc/avr/5.4.0/../../../../avr/lib/avr51\libc.a(ultoa_invert.o)
 .bss           0x00000000        0x0 c:/program files (x86)/atmel/studio/7.0/toolchain/avr8/avr8-gnu-toolchain/bin/../lib/gcc/avr/5.4.0/../../../../avr/lib/avr51\libc.a(ultoa_invert.o)

Memory Configuration

Name             Origin             Length             Attributes
text             0x00000000         0x00020000         xr
data             0x00800100         0x0000ff00         rw !x
eeprom           0x00810000         0x00010000         rw !x
fuse             0x00820000         0x00000003         rw !x
lock             0x00830000         0x00000400         rw !x
signature        0x00840000         0x00000400         rw !x
user_signatures  0x00850000         0x00000400         rw !x
*default*        0x00000000         0xffffffff

Linker script and memory map

Address of section .data set to 0x800100
LOAD C:/Program Files (x86)/Atmel/Studio/7.0/Packs/atmel/ATmega_DFP/1.1.130/gcc/dev/atmega128/avr51/crtatmega128.o
LOAD APP/main.o
LOAD HAL/src/DHT.o
LOAD HAL/src/KEYPAD.o
LOAD HAL/src/LCD.o
LOAD MCAL/src/ADC.o
LOAD MCAL/src/DIO.o
LOAD MCAL/src/UART128.o
LOAD RTOS/src/croutine.o
LOAD RTOS/src/event_groups.o
LOAD RTOS/src/heap_1.o
LOAD RTOS/src/integer.o
LOAD RTOS/src/list.o
LOAD RTOS/src/PollQ.o
LOAD RTOS/src/port.o
LOAD RTOS/src/queue.o
LOAD RTOS/src/tasks.o
LOAD Services/MQTT/MQTT.o
LOAD Smart Home/src/SmartHome.o
START GROUP
LOAD c:/program files (x86)/atmel/studio/7.0/toolchain/avr8/avr8-gnu-toolchain/bin/../lib/gcc/avr/5.4.0/../../../../avr/lib/avr51\libm.a
END GROUP
START GROUP
LOAD c:/program files (x86)/atmel/studio/7.0/toolchain/avr8/avr8-gnu-toolchain/bin/../lib/gcc/avr/5.4.0/avr51\libgcc.a
LOAD c:/program files (x86)/atmel/studio/7.0/toolchain/avr8/avr8-gnu-toolchain/bin/../lib/gcc/avr/5.4.0/../../../../avr/lib/avr51\libm.a
LOAD c:/program files (x86)/atmel/studio/7.0/toolchain/avr8/avr8-gnu-toolchain/bin/../lib/gcc/avr/5.4.0/../../../../avr/lib/avr51\libc.a
LOAD C:/Program Files (x86)/Atmel/Studio/7.0/Packs/atmel/ATmega_DFP/1.1.130/gcc/dev/atmega128/avr51\libatmega128.a
END GROUP
                0x00000000                __TEXT_REGION_ORIGIN__ = DEFINED (__TEXT_REGION_ORIGIN__)?__TEXT_REGION_ORIGIN__:0x0
                0x00800100                __DATA_REGION_ORIGIN__ = DEFINED (__DATA_REGION_ORIGIN__)?__DATA_REGION_ORIGIN__:0x800100
                0x00020000                __TEXT_REGION_LENGTH__ = DEFINED (__TEXT_REGION_LENGTH__)?__TEXT_REGION_LENGTH__:0x20000
                0x0000ff00                __DATA_REGION_LENGTH__ = DEFINED (__DATA_REGION_LENGTH__)?__DATA_REGION_LENGTH__:0xff00
                0x00010000                __EEPROM_REGION_LENGTH__ = DEFINED (__EEPROM_REGION_LENGTH__)?__EEPROM_REGION_LENGTH__:0x10000
                [0x00000003]                __FUSE_REGION_LENGTH__ = DEFINED (__FUSE_REGION_LENGTH__)?__FUSE_REGION_LENGTH__:0x400
                0x00000400                __LOCK_REGION_LENGTH__ = DEFINED (__LOCK_REGION_LENGTH__)?__LOCK_REGION_LENGTH__:0x400
                0x00000400                __SIGNATURE_REGION_LENGTH__ = DEFINED (__SIGNATURE_REGION_LENGTH__)?__SIGNATURE_REGION_LENGTH__:0x400
                0x00000400                __USER_SIGNATURE_REGION_LENGTH__ = DEFINED (__USER_SIGNATURE_REGION_LENGTH__)?__USER_SIGNATURE_REGION_LENGTH__:0x400

.hash
 *(.hash)

.dynsym
 *(.dynsym)

.dynstr
 *(.dynstr)

.gnu.version
 *(.gnu.version)

.gnu.version_d
 *(.gnu.version_d)

.gnu.version_r
 *(.gnu.version_r)

.rel.init
 *(.rel.init)

.rela.init
 *(.rela.init)

.rel.text
 *(.rel.text)
 *(.rel.text.*)
 *(.rel.gnu.linkonce.t*)

.rela.text
 *(.rela.text)
 *(.rela.text.*)
 *(.rela.gnu.linkonce.t*)

.rel.fini
 *(.rel.fini)

.rela.fini
 *(.rela.fini)

.rel.rodata
 *(.rel.rodata)
 *(.rel.rodata.*)
 *(.rel.gnu.linkonce.r*)

.rela.rodata
 *(.rela.rodata)
 *(.rela.rodata.*)
 *(.rela.gnu.linkonce.r*)

.rel.data
 *(.rel.data)
 *(.rel.data.*)
 *(.rel.gnu.linkonce.d*)

.rela.data
 *(.rela.data)
 *(.rela.data.*)
 *(.rela.gnu.linkonce.d*)

.rel.ctors
 *(.rel.ctors)

.rela.ctors
 *(.rela.ctors)

.rel.dtors
 *(.rel.dtors)

.rela.dtors
 *(.rela.dtors)

.rel.got
 *(.rel.got)

.rela.got
 *(.rela.got)

.rel.bss
 *(.rel.bss)

.rela.bss
 *(.rela.bss)

.rel.plt
 *(.rel.plt)

.rela.plt
 *(.rela.plt)

.text           0x00000000     0x29c6
 *(.vectors)
 .vectors       0x00000000       0x8c C:/Program Files (x86)/Atmel/Studio/7.0/Packs/atmel/ATmega_DFP/1.1.130/gcc/dev/atmega128/avr51/crtatmega128.o
                0x00000000                __vector_default
                0x00000000                __vectors
 *(.vectors)
 *(.progmem.gcc*)
                0x0000008c                . = ALIGN (0x2)
                0x0000008c                __trampolines_start = .
 *(.trampolines)
 .trampolines   0x0000008c        0x0 linker stubs
 *(.trampolines*)
                0x0000008c                __trampolines_end = .
 *libprintf_flt.a:*(.progmem.data)
 *libc.a:*(.progmem.data)
 *(.progmem*)
                0x0000008c                . = ALIGN (0x2)
 *(.jumptables)
 *(.jumptables*)
 *(.lowtext)
 *(.lowtext*)
                0x0000008c                __ctors_start = .
 *(.ctors)
                0x0000008c                __ctors_end = .
                0x0000008c                __dtors_start = .
 *(.dtors)
                0x0000008c                __dtors_end = .
 SORT(*)(.ctors)
 SORT(*)(.dtors)
 *(.init0)
 .init0         0x0000008c        0x0 C:/Program Files (x86)/Atmel/Studio/7.0/Packs/atmel/ATmega_DFP/1.1.130/gcc/dev/atmega128/avr51/crtatmega128.o
                0x0000008c                __init
 *(.init0)
 *(.init1)
 *(.init1)
 *(.init2)
 .init2         0x0000008c        0xc C:/Program Files (x86)/Atmel/Studio/7.0/Packs/atmel/ATmega_DFP/1.1.130/gcc/dev/atmega128/avr51/crtatmega128.o
 *(.init2)
 *(.init3)
 *(.init3)
 *(.init4)
 .init4         0x00000098       0x1a c:/program files (x86)/atmel/studio/7.0/toolchain/avr8/avr8-gnu-toolchain/bin/../lib/gcc/avr/5.4.0/avr51\libgcc.a(_copy_data.o)
                0x00000098                __do_copy_data
 .init4         0x000000b2       0x10 c:/program files (x86)/atmel/studio/7.0/toolchain/avr8/avr8-gnu-toolchain/bin/../lib/gcc/avr/5.4.0/avr51\libgcc.a(_clear_bss.o)
                0x000000b2                __do_clear_bss
 *(.init4)
 *(.init5)
 *(.init5)
 *(.init6)
 *(.init6)
 *(.init7)
 *(.init7)
 *(.init8)
 *(.init8)
 *(.init9)
 .init9         0x000000c2        0x6 C:/Program Files (x86)/Atmel/Studio/7.0/Packs/atmel/ATmega_DFP/1.1.130/gcc/dev/atmega128/avr51/crtatmega128.o
 *(.init9)
 *(.text)
 .text          0x000000c8        0x2 C:/Program Files (x86)/Atmel/Studio/7.0/Packs/atmel/ATmega_DFP/1.1.130/gcc/dev/atmega128/avr51/crtatmega128.o
                0x000000c8                __vector_22
                0x000000c8                __vector_28
                0x000000c8                __vector_1
                0x000000c8                __vector_32
                0x000000c8                __vector_34
                0x000000c8                __vector_24
                0x000000c8                __bad_interrupt
                0x000000c8                __vector_6
                0x000000c8                __vector_31
                0x000000c8                __vector_3
                0x000000c8                __vector_23
                0x000000c8                __vector_30
                0x000000c8                __vector_25
                0x000000c8                __vector_11
                0x000000c8                __vector_13
                0x000000c8                __vector_17
                0x000000c8                __vector_19
                0x000000c8                __vector_7
                0x000000c8                __vector_27
                0x000000c8                __vector_5
                0x000000c8                __vector_33
                0x000000c8                __vector_4
                0x000000c8                __vector_9
                0x000000c8                __vector_2
                0x000000c8                __vector_21
                0x000000c8                __vector_15
                0x000000c8                __vector_29
                0x000000c8                __vector_8
                0x000000c8                __vector_26
                0x000000c8                __vector_14
                0x000000c8                __vector_10
                0x000000c8                __vector_16
                0x000000c8                __vector_18
                0x000000c8                __vector_20
                0x000000ca                . = ALIGN (0x2)
 *(.text.*)
 .text.main     0x000000ca        0x6 APP/main.o
                0x000000ca                main
 .text.DHT_start
                0x000000d0       0x20 HAL/src/DHT.o
                0x000000d0                DHT_start
 .text.DHT_read
                0x000000f0       0x3a HAL/src/DHT.o
                0x000000f0                DHT_read
 .text.DHT_Response
                0x0000012a       0x20 HAL/src/DHT.o
                0x0000012a                DHT_Response
 .text.intTostring
                0x0000014a      0x186 HAL/src/DHT.o
                0x0000014a                intTostring
 .text.DHT_Represent
                0x000002d0       0x4c HAL/src/DHT.o
                0x000002d0                DHT_Represent
 .text.KEYPAD_Init
                0x0000031c       0x2a HAL/src/KEYPAD.o
                0x0000031c                KEYPAD_Init
 .text.GetKey   0x00000346       0x56 HAL/src/KEYPAD.o
                0x00000346                GetKey
 .text.LCD_latch
                0x0000039c       0x1e HAL/src/LCD.o
                0x0000039c                LCD_latch
 .text.SendToLCD
                0x000003ba       0x44 HAL/src/LCD.o
                0x000003ba                SendToLCD
 .text.LCD_send_cmd
                0x000003fe       0x12 HAL/src/LCD.o
                0x000003fe                LCD_send_cmd
 .text.LCD_CLEAR
                0x00000410       0x12 HAL/src/LCD.o
                0x00000410                LCD_CLEAR
 .text.LCD_ret_Home
                0x00000422       0x12 HAL/src/LCD.o
                0x00000422                LCD_ret_Home
 .text.LCD_init
                0x00000434       0x3c HAL/src/LCD.o
                0x00000434                LCD_init
 .text.LCD_send_data
                0x00000470       0x12 HAL/src/LCD.o
                0x00000470                LCD_send_data
 .text.disp_str
                0x00000482       0x2a HAL/src/LCD.o
                0x00000482                disp_str
 .text.LCD_GOTXY
                0x000004ac       0x30 HAL/src/LCD.o
                0x000004ac                LCD_GOTXY
 .text.disp_charXY
                0x000004dc        0xe HAL/src/LCD.o
                0x000004dc                disp_charXY
 .text.disp_strXY
                0x000004ea       0x12 HAL/src/LCD.o
                0x000004ea                disp_strXY
 .text.disp_int
                0x000004fc       0x64 HAL/src/LCD.o
                0x000004fc                disp_int
 .text.ADC_init
                0x00000560        0xa MCAL/src/ADC.o
                0x00000560                ADC_init
 .text.read_analog
                0x0000056a       0x18 MCAL/src/ADC.o
                0x0000056a                read_analog
 .text.writePin
                0x00000582      0x11a MCAL/src/DIO.o
                0x00000582                writePin
 .text.pinDirection
                0x0000069c      0x11a MCAL/src/DIO.o
                0x0000069c                pinDirection
 .text.readPin  0x000007b6       0x78 MCAL/src/DIO.o
                0x000007b6                readPin
 .text.writePins
                0x0000082e       0x1e MCAL/src/DIO.o
                0x0000082e                writePins
 .text.pinsDirection
                0x0000084c       0x1e MCAL/src/DIO.o
                0x0000084c                pinsDirection
 .text.Uart_Init
                0x0000086a       0x70 MCAL/src/UART128.o
                0x0000086a                Uart_Init
 .text.Uart_SendByte
                0x000008da       0x22 MCAL/src/UART128.o
                0x000008da                Uart_SendByte
 .text.Uart_SendStr
                0x000008fc       0x24 MCAL/src/UART128.o
                0x000008fc                Uart_SendStr
 .text.pvPortMalloc
                0x00000920       0x66 RTOS/src/heap_1.o
                0x00000920                pvPortMalloc
 .text.vPortFree
                0x00000986        0x2 RTOS/src/heap_1.o
                0x00000986                vPortFree
 .text.vListInitialise
                0x00000988       0x1c RTOS/src/list.o
                0x00000988                vListInitialise
 .text.vListInitialiseItem
                0x000009a4        0x8 RTOS/src/list.o
                0x000009a4                vListInitialiseItem
 .text.vListInsertEnd
                0x000009ac       0x42 RTOS/src/list.o
                0x000009ac                vListInsertEnd
 .text.vListInsert
                0x000009ee       0x62 RTOS/src/list.o
                0x000009ee                vListInsert
 .text.uxListRemove
                0x00000a50       0x4c RTOS/src/list.o
                0x00000a50                uxListRemove
 .text.pxPortInitialiseStack
                0x00000a9c       0xd8 RTOS/src/port.o
                0x00000a9c                pxPortInitialiseStack
 .text.xPortStartScheduler
                0x00000b74       0x6a RTOS/src/port.o
                0x00000b74                xPortStartScheduler
 .text.vPortYield
                0x00000bde       0xb0 RTOS/src/port.o
                0x00000bde                vPortYield
 .text.vPortYieldFromTick
                0x00000c8e       0xb4 RTOS/src/port.o
                0x00000c8e                vPortYieldFromTick
 .text.__vector_12
                0x00000d42        0x4 RTOS/src/port.o
                0x00000d42                __vector_12
 .text.prvCopyDataToQueue
                0x00000d46       0xbe RTOS/src/queue.o
 .text.prvCopyDataFromQueue
                0x00000e04       0x34 RTOS/src/queue.o
 .text.prvUnlockQueue
                0x00000e38       0x90 RTOS/src/queue.o
 .text.xQueueGenericReset
                0x00000ec8       0x72 RTOS/src/queue.o
                0x00000ec8                xQueueGenericReset
 .text.xQueueGenericCreate
                0x00000f3a       0x54 RTOS/src/queue.o
                0x00000f3a                xQueueGenericCreate
 .text.xQueueGenericSend
                0x00000f8e      0x124 RTOS/src/queue.o
                0x00000f8e                xQueueGenericSend
 .text.xQueueGenericReceive
                0x000010b2      0x162 RTOS/src/queue.o
                0x000010b2                xQueueGenericReceive
 .text.prvResetNextTaskUnblockTime
                0x00001214       0x3e RTOS/src/tasks.o
 .text.prvAddCurrentTaskToDelayedList
                0x00001252       0x6a RTOS/src/tasks.o
 .text.xTaskGenericCreate
                0x000012bc      0x20e RTOS/src/tasks.o
                0x000012bc                xTaskGenericCreate
 .text.vTaskStartScheduler
                0x000014ca       0x52 RTOS/src/tasks.o
                0x000014ca                vTaskStartScheduler
 .text.vTaskSuspendAll
                0x0000151c        0xc RTOS/src/tasks.o
                0x0000151c                vTaskSuspendAll
 .text.xTaskIncrementTick
                0x00001528      0x172 RTOS/src/tasks.o
                0x00001528                xTaskIncrementTick
 .text.xTaskResumeAll
                0x0000169a       0xfa RTOS/src/tasks.o
                0x0000169a                xTaskResumeAll
 .text.vTaskDelay
                0x00001794       0x36 RTOS/src/tasks.o
                0x00001794                vTaskDelay
 .text.prvIdleTask
                0x000017ca       0x6e RTOS/src/tasks.o
 .text.vTaskSwitchContext
                0x00001838       0xda RTOS/src/tasks.o
                0x00001838                vTaskSwitchContext
 .text.vTaskPlaceOnEventList
                0x00001912       0x34 RTOS/src/tasks.o
                0x00001912                vTaskPlaceOnEventList
 .text.xTaskRemoveFromEventList
                0x00001946       0x88 RTOS/src/tasks.o
                0x00001946                xTaskRemoveFromEventList
 .text.vTaskSetTimeOutState
                0x000019ce       0x16 RTOS/src/tasks.o
                0x000019ce                vTaskSetTimeOutState
 .text.xTaskCheckForTimeOut
                0x000019e4       0x62 RTOS/src/tasks.o
                0x000019e4                xTaskCheckForTimeOut
 .text.vTaskMissedYield
                0x00001a46        0x8 RTOS/src/tasks.o
                0x00001a46                vTaskMissedYield
 .text.vTaskPriorityInherit
                0x00001a4e       0xc4 RTOS/src/tasks.o
                0x00001a4e                vTaskPriorityInherit
 .text.xTaskPriorityDisinherit
                0x00001b12       0x80 RTOS/src/tasks.o
                0x00001b12                xTaskPriorityDisinherit
 .text.pvTaskIncrementMutexHeldCount
                0x00001b92       0x24 RTOS/src/tasks.o
                0x00001b92                pvTaskIncrementMutexHeldCount
 .text.sendUTFStr
                0x00001bb6       0x32 Services/MQTT/MQTT.o
                0x00001bb6                sendUTFStr
 .text.MQTT_Connect
                0x00001be8       0x7e Services/MQTT/MQTT.o
                0x00001be8                MQTT_Connect
 .text.MQTT_Publish
                0x00001c66       0x72 Services/MQTT/MQTT.o
                0x00001c66                MQTT_Publish
 .text.T_FireDetect
                0x00001cd8       0x6a Smart Home/src/SmartHome.o
                0x00001cd8                T_FireDetect
 .text.T_FireAlarmAction
                0x00001d42       0x42 Smart Home/src/SmartHome.o
                0x00001d42                T_FireAlarmAction
 .text.T_TempAction
                0x00001d84       0x2c Smart Home/src/SmartHome.o
                0x00001d84                T_TempAction
 .text.T_SOIL_LIGHT_Action
                0x00001db0       0x56 Smart Home/src/SmartHome.o
                0x00001db0                T_SOIL_LIGHT_Action
 .text.T_TempRead
                0x00001e06      0x108 Smart Home/src/SmartHome.o
                0x00001e06                T_TempRead
 .text.T_SOIL_LIGHT_Input
                0x00001f0e       0xd0 Smart Home/src/SmartHome.o
                0x00001f0e                T_SOIL_LIGHT_Input
 .text.T_PasswordGet
                0x00001fde       0xaa Smart Home/src/SmartHome.o
                0x00001fde                T_PasswordGet
 .text.T_PasswordCheck
                0x00002088       0xd6 Smart Home/src/SmartHome.o
                0x00002088                T_PasswordCheck
 .text.Project_Init
                0x0000215e      0x212 Smart Home/src/SmartHome.o
                0x0000215e                Project_Init
 .text.libgcc.div
                0x00002370       0x44 c:/program files (x86)/atmel/studio/7.0/toolchain/avr8/avr8-gnu-toolchain/bin/../lib/gcc/avr/5.4.0/avr51\libgcc.a(_udivmodsi4.o)
                0x00002370                __udivmodsi4
 .text.libgcc.mul
                0x000023b4       0x1e c:/program files (x86)/atmel/studio/7.0/toolchain/avr8/avr8-gnu-toolchain/bin/../lib/gcc/avr/5.4.0/avr51\libgcc.a(_umulhisi3.o)
                0x000023b4                __umulhisi3
 .text.avr-libc
                0x000023d2       0x12 c:/program files (x86)/atmel/studio/7.0/toolchain/avr8/avr8-gnu-toolchain/bin/../lib/gcc/avr/5.4.0/../../../../avr/lib/avr51\libc.a(memcpy.o)
                0x000023d2                memcpy
 .text.avr-libc
                0x000023e4       0x16 c:/program files (x86)/atmel/studio/7.0/toolchain/avr8/avr8-gnu-toolchain/bin/../lib/gcc/avr/5.4.0/../../../../avr/lib/avr51\libc.a(strcat.o)
                0x000023e4                strcat
 .text.avr-libc
                0x000023fa       0x12 c:/program files (x86)/atmel/studio/7.0/toolchain/avr8/avr8-gnu-toolchain/bin/../lib/gcc/avr/5.4.0/../../../../avr/lib/avr51\libc.a(strcmp.o)
                0x000023fa                strcmp
 .text.avr-libc
                0x0000240c       0x5c c:/program files (x86)/atmel/studio/7.0/toolchain/avr8/avr8-gnu-toolchain/bin/../lib/gcc/avr/5.4.0/../../../../avr/lib/avr51\libc.a(sprintf.o)
                0x0000240c                sprintf
 .text.avr-libc
                0x00002468      0x3fa c:/program files (x86)/atmel/studio/7.0/toolchain/avr8/avr8-gnu-toolchain/bin/../lib/gcc/avr/5.4.0/../../../../avr/lib/avr51\libc.a(vfprintf_std.o)
                0x00002468                vfprintf
 .text.avr-libc
                0x00002862       0x16 c:/program files (x86)/atmel/studio/7.0/toolchain/avr8/avr8-gnu-toolchain/bin/../lib/gcc/avr/5.4.0/../../../../avr/lib/avr51\libc.a(strnlen_P.o)
                0x00002862                strnlen_P
 .text.avr-libc
                0x00002878       0x16 c:/program files (x86)/atmel/studio/7.0/toolchain/avr8/avr8-gnu-toolchain/bin/../lib/gcc/avr/5.4.0/../../../../avr/lib/avr51\libc.a(strnlen.o)
                0x00002878                strnlen
 .text.avr-libc
                0x0000288e       0x78 c:/program files (x86)/atmel/studio/7.0/toolchain/avr8/avr8-gnu-toolchain/bin/../lib/gcc/avr/5.4.0/../../../../avr/lib/avr51\libc.a(fputc.o)
                0x0000288e                fputc
 .text.avr-libc
                0x00002906       0xbc c:/program files (x86)/atmel/studio/7.0/toolchain/avr8/avr8-gnu-toolchain/bin/../lib/gcc/avr/5.4.0/../../../../avr/lib/avr51\libc.a(ultoa_invert.o)
                0x00002906                __ultoa_invert
                0x000029c2                . = ALIGN (0x2)
 *(.fini9)
 .fini9         0x000029c2        0x0 c:/program files (x86)/atmel/studio/7.0/toolchain/avr8/avr8-gnu-toolchain/bin/../lib/gcc/avr/5.4.0/avr51\libgcc.a(_exit.o)
                0x000029c2                _exit
                0x000029c2                exit
 *(.fini9)
 *(.fini8)
 *(.fini8)
 *(.fini7)
 *(.fini7)
 *(.fini6)
 *(.fini6)
 *(.fini5)
 *(.fini5)
 *(.fini4)
 *(.fini4)
 *(.fini3)
 *(.fini3)
 *(.fini2)
 *(.fini2)
 *(.fini1)
 *(.fini1)
 *(.fini0)
 .fini0         0x000029c2        0x4 c:/program files (x86)/atmel/studio/7.0/toolchain/avr8/avr8-gnu-toolchain/bin/../lib/gcc/avr/5.4.0/avr51\libgcc.a(_exit.o)
 *(.fini0)
                0x000029c6                _etext = .

.data           0x00800100      0x10c load address 0x000029c6
                0x00800100                PROVIDE (__data_start, .)
 *(.data)
 *(.data*)
 .data.key_CHAR
                0x00800100        0xc HAL/src/KEYPAD.o
                0x00800100                key_CHAR
 .data.xNextTaskUnblockTime
                0x0080010c        0x2 RTOS/src/tasks.o
 .data.proName  0x0080010e        0x5 Services/MQTT/MQTT.o
                0x0080010e                proName
 .data.oldpassword
                0x00800113        0x5 Smart Home/src/SmartHome.o
 *(.gnu.linkonce.d*)
 *(.rodata)
 *(.rodata*)
 .rodata.str1.1
                0x00800118        0x3 HAL/src/DHT.o
 .rodata.str1.1
                0x0080011b        0x3 HAL/src/LCD.o
 .rodata.str1.1
                0x0080011b        0x5 RTOS/src/tasks.o
 .rodata.str1.1
                0x00800120       0xeb Smart Home/src/SmartHome.o
 *(.gnu.linkonce.r*)
                0x0080020c                . = ALIGN (0x2)
 *fill*         0x0080020b        0x1 
                0x0080020c                _edata = .
                0x0080020c                PROVIDE (__data_end, .)

.bss            0x0080020c      0x87a
                0x0080020c                PROVIDE (__bss_start, .)
 *(.bss)
 *(.bss*)
 .bss.pucAlignedHeap.1981
                0x0080020c        0x2 RTOS/src/heap_1.o
 .bss.xNextFreeByte
                0x0080020e        0x2 RTOS/src/heap_1.o
 .bss.ucHeap    0x00800210      0x7d0 RTOS/src/heap_1.o
 .bss.uxSchedulerSuspended
                0x008009e0        0x1 RTOS/src/tasks.o
 .bss.uxTaskNumber
                0x008009e1        0x1 RTOS/src/tasks.o
 .bss.xNumOfOverflows
                0x008009e2        0x1 RTOS/src/tasks.o
 .bss.xYieldPending
                0x008009e3        0x1 RTOS/src/tasks.o
 .bss.uxPendedTicks
                0x008009e4        0x1 RTOS/src/tasks.o
 .bss.xSchedulerRunning
                0x008009e5        0x1 RTOS/src/tasks.o
 .bss.uxTopReadyPriority
                0x008009e6        0x1 RTOS/src/tasks.o
 .bss.xTickCount
                0x008009e7        0x2 RTOS/src/tasks.o
 .bss.uxCurrentNumberOfTasks
                0x008009e9        0x1 RTOS/src/tasks.o
 .bss.uxTasksDeleted
                0x008009ea        0x1 RTOS/src/tasks.o
 .bss.xTasksWaitingTermination
                0x008009eb        0x9 RTOS/src/tasks.o
 .bss.xPendingReadyList
                0x008009f4        0x9 RTOS/src/tasks.o
 .bss.pxOverflowDelayedTaskList
                0x008009fd        0x2 RTOS/src/tasks.o
 .bss.pxDelayedTaskList
                0x008009ff        0x2 RTOS/src/tasks.o
 .bss.xDelayedTaskList2
                0x00800a01        0x9 RTOS/src/tasks.o
 .bss.xDelayedTaskList1
                0x00800a0a        0x9 RTOS/src/tasks.o
 .bss.pxReadyTasksLists
                0x00800a13       0x63 RTOS/src/tasks.o
 .bss.pxCurrentTCB
                0x00800a76        0x2 RTOS/src/tasks.o
                0x00800a76                pxCurrentTCB
 .bss.mqPassword
                0x00800a78        0x2 Smart Home/src/SmartHome.o
                0x00800a78                mqPassword
 .bss.bsEnterAgain
                0x00800a7a        0x2 Smart Home/src/SmartHome.o
                0x00800a7a                bsEnterAgain
 .bss.bsPassEntered
                0x00800a7c        0x2 Smart Home/src/SmartHome.o
                0x00800a7c                bsPassEntered
 .bss.LightsEvent
                0x00800a7e        0x2 Smart Home/src/SmartHome.o
                0x00800a7e                LightsEvent
 .bss.IrrigationEvent
                0x00800a80        0x2 Smart Home/src/SmartHome.o
                0x00800a80                IrrigationEvent
 .bss.bsTempEvent
                0x00800a82        0x2 Smart Home/src/SmartHome.o
                0x00800a82                bsTempEvent
 .bss.bsFireEvent
                0x00800a84        0x2 Smart Home/src/SmartHome.o
                0x00800a84                bsFireEvent
 *(COMMON)
                0x00800a86                PROVIDE (__bss_end, .)
                0x000029c6                __data_load_start = LOADADDR (.data)
                0x00002ad2                __data_load_end = (__data_load_start + SIZEOF (.data))

.noinit         0x00800a86        0x0
                [!provide]                PROVIDE (__noinit_start, .)
 *(.noinit*)
                [!provide]                PROVIDE (__noinit_end, .)
                0x00800a86                _end = .
                [!provide]                PROVIDE (__heap_start, .)

.eeprom         0x00810000        0x0
 *(.eeprom*)
                0x00810000                __eeprom_end = .

.fuse
 *(.fuse)
 *(.lfuse)
 *(.hfuse)
 *(.efuse)

.lock
 *(.lock*)

.signature
 *(.signature*)

.user_signatures
 *(.user_signatures*)

.stab
 *(.stab)

.stabstr
 *(.stabstr)

.stab.excl
 *(.stab.excl)

.stab.exclstr
 *(.stab.exclstr)

.stab.index
 *(.stab.index)

.stab.indexstr
 *(.stab.indexstr)

.comment        0x00000000       0x8c
 *(.comment)
 .comment       0x00000000       0x30 APP/main.o
                                 0x31 (size before relaxing)
 .comment       0x00000030       0x31 HAL/src/DHT.o
 .comment       0x00000030       0x31 HAL/src/KEYPAD.o
 .comment       0x00000030       0x31 HAL/src/LCD.o
 .comment       0x00000030       0x30 MCAL/src/ADC.o
                                 0x31 (size before relaxing)
 .comment       0x00000060       0x31 MCAL/src/DIO.o
 .comment       0x00000060       0x31 MCAL/src/UART128.o
 .comment       0x00000060       0x31 RTOS/src/heap_1.o
 .comment       0x00000060       0x31 RTOS/src/list.o
 .comment       0x00000060       0x31 RTOS/src/port.o
 .comment       0x00000060       0x31 RTOS/src/queue.o
 .comment       0x00000060       0x31 RTOS/src/tasks.o
 .comment       0x00000060       0x31 Services/MQTT/MQTT.o
 .comment       0x00000060       0x31 Smart Home/src/SmartHome.o
 .comment       0x00000060       0x31 c:/program files (x86)/atmel/studio/7.0/toolchain/avr8/avr8-gnu-toolchain/bin/../lib/gcc/avr/5.4.0/../../../../avr/lib/avr51\libc.a(sprintf.o)
 .comment       0x00000060       0x2c c:/program files (x86)/atmel/studio/7.0/toolchain/avr8/avr8-gnu-toolchain/bin/../lib/gcc/avr/5.4.0/../../../../avr/lib/avr51\libc.a(vfprintf_std.o)
                                 0x2d (size before relaxing)
 .comment       0x0000008c       0x31 c:/program files (x86)/atmel/studio/7.0/toolchain/avr8/avr8-gnu-toolchain/bin/../lib/gcc/avr/5.4.0/../../../../avr/lib/avr51\libc.a(fputc.o)

.note.gnu.avr.deviceinfo
                0x00000000       0x3c
 .note.gnu.avr.deviceinfo
                0x00000000       0x3c C:/Program Files (x86)/Atmel/Studio/7.0/Packs/atmel/ATmega_DFP/1.1.130/gcc/dev/atmega128/avr51/crtatmega128.o

.note.gnu.build-id
 *(.note.gnu.build-id)

.debug
 *(.debug)

.line
 *(.line)

.debug_srcinfo
 *(.debug_srcinfo)

.debug_sfnames
 *(.debug_sfnames)

.debug_aranges  0x00000000      0x520
 *(.debug_aranges)
 .debug_aranges
                0x00000000       0x20 APP/main.o
 .debug_aranges
                0x00000020       0x40 HAL/src/DHT.o
 .debug_aranges
                0x00000060       0x28 HAL/src/KEYPAD.o
 .debug_aranges
                0x00000088       0x88 HAL/src/LCD.o
 .debug_aranges
                0x00000110       0x28 MCAL/src/ADC.o
 .debug_aranges
                0x00000138       0x50 MCAL/src/DIO.o
 .debug_aranges
                0x00000188       0x40 MCAL/src/UART128.o
 .debug_aranges
                0x000001c8       0x38 RTOS/src/heap_1.o
 .debug_aranges
                0x00000200       0x40 RTOS/src/list.o
 .debug_aranges
                0x00000240       0x48 RTOS/src/port.o
 .debug_aranges
                0x00000288       0xc8 RTOS/src/queue.o
 .debug_aranges
                0x00000350      0x100 RTOS/src/tasks.o
 .debug_aranges
                0x00000450       0x38 Services/MQTT/MQTT.o
 .debug_aranges
                0x00000488       0x98 Smart Home/src/SmartHome.o

.debug_pubnames
 *(.debug_pubnames)

.debug_info     0x00000000     0x6e4d
 *(.debug_info .gnu.linkonce.wi.*)
 .debug_info    0x00000000      0x780 C:/Program Files (x86)/Atmel/Studio/7.0/Packs/atmel/ATmega_DFP/1.1.130/gcc/dev/atmega128/avr51/crtatmega128.o
 .debug_info    0x00000780       0xad APP/main.o
 .debug_info    0x0000082d      0x5cb HAL/src/DHT.o
 .debug_info    0x00000df8      0x27e HAL/src/KEYPAD.o
 .debug_info    0x00001076      0x901 HAL/src/LCD.o
 .debug_info    0x00001977      0x17d MCAL/src/ADC.o
 .debug_info    0x00001af4      0x36b MCAL/src/DIO.o
 .debug_info    0x00001e5f      0x24a MCAL/src/UART128.o
 .debug_info    0x000020a9      0x1a4 RTOS/src/heap_1.o
 .debug_info    0x0000224d      0x2c6 RTOS/src/list.o
 .debug_info    0x00002513      0x263 RTOS/src/port.o
 .debug_info    0x00002776     0x1305 RTOS/src/queue.o
 .debug_info    0x00003a7b     0x1470 RTOS/src/tasks.o
 .debug_info    0x00004eeb      0x3d0 Services/MQTT/MQTT.o
 .debug_info    0x000052bb     0x1b92 Smart Home/src/SmartHome.o

.debug_abbrev   0x00000000     0x1bc4
 *(.debug_abbrev)
 .debug_abbrev  0x00000000      0x718 C:/Program Files (x86)/Atmel/Studio/7.0/Packs/atmel/ATmega_DFP/1.1.130/gcc/dev/atmega128/avr51/crtatmega128.o
 .debug_abbrev  0x00000718       0x68 APP/main.o
 .debug_abbrev  0x00000780      0x214 HAL/src/DHT.o
 .debug_abbrev  0x00000994       0xf8 HAL/src/KEYPAD.o
 .debug_abbrev  0x00000a8c      0x1ff HAL/src/LCD.o
 .debug_abbrev  0x00000c8b       0xa5 MCAL/src/ADC.o
 .debug_abbrev  0x00000d30      0x101 MCAL/src/DIO.o
 .debug_abbrev  0x00000e31      0x124 MCAL/src/UART128.o
 .debug_abbrev  0x00000f55      0x11c RTOS/src/heap_1.o
 .debug_abbrev  0x00001071       0xf8 RTOS/src/list.o
 .debug_abbrev  0x00001169      0x155 RTOS/src/port.o
 .debug_abbrev  0x000012be      0x260 RTOS/src/queue.o
 .debug_abbrev  0x0000151e      0x2ed RTOS/src/tasks.o
 .debug_abbrev  0x0000180b      0x10b Services/MQTT/MQTT.o
 .debug_abbrev  0x00001916      0x2ae Smart Home/src/SmartHome.o

.debug_line     0x00000000     0x327d
 *(.debug_line .debug_line.* .debug_line_end)
 .debug_line    0x00000000      0x169 C:/Program Files (x86)/Atmel/Studio/7.0/Packs/atmel/ATmega_DFP/1.1.130/gcc/dev/atmega128/avr51/crtatmega128.o
 .debug_line    0x00000169       0x62 APP/main.o
 .debug_line    0x000001cb      0x2a7 HAL/src/DHT.o
 .debug_line    0x00000472       0xf0 HAL/src/KEYPAD.o
 .debug_line    0x00000562      0x38f HAL/src/LCD.o
 .debug_line    0x000008f1       0xb2 MCAL/src/ADC.o
 .debug_line    0x000009a3      0x25f MCAL/src/DIO.o
 .debug_line    0x00000c02      0x21b MCAL/src/UART128.o
 .debug_line    0x00000e1d      0x1b2 RTOS/src/heap_1.o
 .debug_line    0x00000fcf      0x1de RTOS/src/list.o
 .debug_line    0x000011ad      0x29b RTOS/src/port.o
 .debug_line    0x00001448      0xa38 RTOS/src/queue.o
 .debug_line    0x00001e80      0xad7 RTOS/src/tasks.o
 .debug_line    0x00002957      0x16a Services/MQTT/MQTT.o
 .debug_line    0x00002ac1      0x7bc Smart Home/src/SmartHome.o

.debug_frame    0x00000000      0xdfc
 *(.debug_frame)
 .debug_frame   0x00000000       0x24 APP/main.o
 .debug_frame   0x00000024       0xec HAL/src/DHT.o
 .debug_frame   0x00000110       0x40 HAL/src/KEYPAD.o
 .debug_frame   0x00000150      0x160 HAL/src/LCD.o
 .debug_frame   0x000002b0       0x34 MCAL/src/ADC.o
 .debug_frame   0x000002e4       0x84 MCAL/src/DIO.o
 .debug_frame   0x00000368       0x7c MCAL/src/UART128.o
 .debug_frame   0x000003e4       0x60 RTOS/src/heap_1.o
 .debug_frame   0x00000444       0x88 RTOS/src/list.o
 .debug_frame   0x000004cc       0x74 RTOS/src/port.o
 .debug_frame   0x00000540      0x2d0 RTOS/src/queue.o
 .debug_frame   0x00000810      0x358 RTOS/src/tasks.o
 .debug_frame   0x00000b68       0xbc Services/MQTT/MQTT.o
 .debug_frame   0x00000c24      0x1d8 Smart Home/src/SmartHome.o

.debug_str      0x00000000     0x1895
 *(.debug_str)
 .debug_str     0x00000000      0x27d C:/Program Files (x86)/Atmel/Studio/7.0/Packs/atmel/ATmega_DFP/1.1.130/gcc/dev/atmega128/avr51/crtatmega128.o
 .debug_str     0x0000027d      0x154 APP/main.o
                                0x18d (size before relaxing)
 .debug_str     0x000003d1      0x171 HAL/src/DHT.o
                                0x2de (size before relaxing)
 .debug_str     0x00000542       0x70 HAL/src/KEYPAD.o
                                0x1d6 (size before relaxing)
 .debug_str     0x000005b2       0xed HAL/src/LCD.o
                                0x2fb (size before relaxing)
 .debug_str     0x0000069f      0x107 MCAL/src/ADC.o
                                0x203 (size before relaxing)
 .debug_str     0x000007a6       0x7e MCAL/src/DIO.o
                                0x288 (size before relaxing)
 .debug_str     0x00000824       0xa9 MCAL/src/UART128.o
                                0x234 (size before relaxing)
 .debug_str     0x000008cd       0xb6 RTOS/src/heap_1.o
                                0x23c (size before relaxing)
 .debug_str     0x00000983      0x150 RTOS/src/list.o
                                0x2c2 (size before relaxing)
 .debug_str     0x00000ad3      0x120 RTOS/src/port.o
                                0x2c5 (size before relaxing)
 .debug_str     0x00000bf3      0x520 RTOS/src/queue.o
                                0x7ea (size before relaxing)
 .debug_str     0x00001113      0x568 RTOS/src/tasks.o
                                0xa04 (size before relaxing)
 .debug_str     0x0000167b       0x68 Services/MQTT/MQTT.o
                                0x1d4 (size before relaxing)
 .debug_str     0x000016e3      0x1b2 Smart Home/src/SmartHome.o
                                0x626 (size before relaxing)

.debug_loc      0x00000000     0x4f7e
 *(.debug_loc)
 .debug_loc     0x00000000      0x492 HAL/src/DHT.o
 .debug_loc     0x00000492       0x99 HAL/src/KEYPAD.o
 .debug_loc     0x0000052b      0x6e1 HAL/src/LCD.o
 .debug_loc     0x00000c0c       0x26 MCAL/src/ADC.o
 .debug_loc     0x00000c32      0x51e MCAL/src/DIO.o
 .debug_loc     0x00001150      0x2a0 MCAL/src/UART128.o
 .debug_loc     0x000013f0       0xf1 RTOS/src/heap_1.o
 .debug_loc     0x000014e1      0x145 RTOS/src/list.o
 .debug_loc     0x00001626      0x2a0 RTOS/src/port.o
 .debug_loc     0x000018c6     0x1921 RTOS/src/queue.o
 .debug_loc     0x000031e7     0x11bd RTOS/src/tasks.o
 .debug_loc     0x000043a4      0x333 Services/MQTT/MQTT.o
 .debug_loc     0x000046d7      0x8a7 Smart Home/src/SmartHome.o

.debug_macinfo
 *(.debug_macinfo)

.debug_weaknames
 *(.debug_weaknames)

.debug_funcnames
 *(.debug_funcnames)

.debug_typenames
 *(.debug_typenames)

.debug_varnames
 *(.debug_varnames)

.debug_pubtypes
 *(.debug_pubtypes)

.debug_ranges   0x00000000      0x4a0
 *(.debug_ranges)
 .debug_ranges  0x00000000       0x10 APP/main.o
 .debug_ranges  0x00000010       0x30 HAL/src/DHT.o
 .debug_ranges  0x00000040       0x18 HAL/src/KEYPAD.o
 .debug_ranges  0x00000058       0x78 HAL/src/LCD.o
 .debug_ranges  0x000000d0       0x18 MCAL/src/ADC.o
 .debug_ranges  0x000000e8       0x40 MCAL/src/DIO.o
 .debug_ranges  0x00000128       0x30 MCAL/src/UART128.o
 .debug_ranges  0x00000158       0x28 RTOS/src/heap_1.o
 .debug_ranges  0x00000180       0x30 RTOS/src/list.o
 .debug_ranges  0x000001b0       0x38 RTOS/src/port.o
 .debug_ranges  0x000001e8       0xb8 RTOS/src/queue.o
 .debug_ranges  0x000002a0      0x150 RTOS/src/tasks.o
 .debug_ranges  0x000003f0       0x28 Services/MQTT/MQTT.o
 .debug_ranges  0x00000418       0x88 Smart Home/src/SmartHome.o

.debug_macro
 *(.debug_macro)
OUTPUT(SmartHome_RTOS.elf elf32-avr)
LOAD linker stubs
